Error(s): 2
SPEC:SYS_155: Undefined requirement, referenced by: REQ_01
TEST:REQ_333: Undefined requirement, referenced by: T_01

Requirements of SPEC                               Requirements Downstream                           
--------------------------------------------------------------------------------------------------------------------
REQ_01                                             T_01                                              
REQ_01                                             T_02                                              
REQ_02                                             T_01                                              
REQ_03                                             T_05                                              

Requirements of TEST                               Requirements Downstream                           
--------------------------------------------------------------------------------------------------------------------
T_01                                              
T_02                                              
T_05                                              
T_21                                              
