Error(s): 10
TEST:PRINTF_01a: Undefined requirement, referenced by: T_01
TEST:PRINTF_01b: Undefined requirement, referenced by: T_01
TEST:PRINTF_333: Undefined requirement, referenced by: T_01
TEST:PRINTF_03a: Undefined requirement, referenced by: T_02
TEST:PRINTF_03b: Undefined requirement, referenced by: T_02
TEST:PRINTF_06: Undefined requirement, referenced by: T_21
TEST:PRINTF_12: Undefined requirement, referenced by: T_21
TEST:PRINTF_15: Undefined requirement, referenced by: T_21
TEST:PRINTF_15: Undefined requirement, referenced by: T_22
TEST:PRINTF_20: Undefined requirement, referenced by: T_22

Requirements of SPEC                               Requirements Downstream                           
--------------------------------------------------------------------------------------------------------------------
PRINTF_01                                          T_01                                              
PRINTF_02                                          T_02                                              
PRINTF_03                                          T_02                                              
PRINTF_03                                          T_05                                              

Requirements of TEST                               Requirements Downstream                           
--------------------------------------------------------------------------------------------------------------------
T_01                                              
T_02                                              
T_05                                              
T_21                                              
T_22                                              
