
Requirements of TEST                               Requirements Upstream                             
--------------------------------------------------------------------------------------------------------------------
TEST_01                                            REQ_101                                           
TEST_02                                            REQ_102                                           
TEST_03                                            REQ_103                                           
TEST_04                                            REQ_101                                           
TEST_04                                            REQ_102                                           
TEST_04                                            REQ_103                                           
TEST_04                                            REQ_104                                           
REQ_101
        Lorem ipsum dolor sit amet, consectetur

REQ_102
        Duis aute irure dolor
        nulla pariatur. Excepteur

REQ_103
        insula, dives opum Priami dum regna manebant,
        nunc tantum

REQ_104
        exercitation ullamco laboris nisi ut aliquip ex ea commodo
        incididunt ut labore et dolore magna

TEST_01
        Lorem ipsum dolor sit amet, consectetur adipisicing elit, sed do eiusmod tempor
        incididunt ut labore et dolore magna aliqua. Ut enim ad minim veniam, quis nostr
        ud exercitation ullamco laboris nisi ut aliquip ex ea commodo. (Ref: )

TEST_02
        Duis aute irure dolor in reprehenderit.  (Ref: )

TEST_03
        Duis aute irure dolor in reprehenderit in voluptate velit esse cillum dolore eu
        fugiat nulla pariatur. Excepteur sint occaecat cupidatat non proident, sunt in c
        ulpa qui officia deserunt mollit anim id est laborum.  (Ref: )

TEST_04
        Prototype (Ref: , , , , )

