
Requirements of SPEC                               Requirements Downstream                           
--------------------------------------------------------------------------------------------------------------------
PRINTF_01                                          T_01                                              
PRINTF_02                                          T_02                                              
PRINTF_03                                          T_02                                              
PRINTF_03                                          T_05                                              

Requirements of TEST                               Requirements Downstream                           
--------------------------------------------------------------------------------------------------------------------
T_01                                              
T_02                                              
T_05                                              
T_21                                              
T_22                                              
