
Requirements of SPEC                               Requirements Downstream                           
--------------------------------------------------------------------------------------------------------------------
PRINTF_01                                          T_01                                              
PRINTF_02                                          T_02                                              
PRINTF_03                                          T_02                                              
PRINTF_03                                          T_05                                              
PRINTF_05                                         
PRINTF_06                                          T_21                                              
PRINTF_12                                          T_21                                              
PRINTF_14                                         
PRINTF_15                                          T_21                                              
PRINTF_15                                          T_22                                              
PRINTF_20                                          T_22                                              

Requirements of TEST                               Requirements Downstream                           
--------------------------------------------------------------------------------------------------------------------
T_01                                              
T_02                                              
T_05                                              
T_21                                              
T_22                                              
