Error(s): 10
TEST:PRINTF_01a: Undefined requirement, referenced by: T_01
TEST:PRINTF_01b: Undefined requirement, referenced by: T_01
TEST:PRINTF_333: Undefined requirement, referenced by: T_01
TEST:PRINTF_03a: Undefined requirement, referenced by: T_02
TEST:PRINTF_03b: Undefined requirement, referenced by: T_02
TEST:PRINTF_06: Undefined requirement, referenced by: T_21
TEST:PRINTF_12: Undefined requirement, referenced by: T_21
TEST:PRINTF_15: Undefined requirement, referenced by: T_21
TEST:PRINTF_15: Undefined requirement, referenced by: T_22
TEST:PRINTF_20: Undefined requirement, referenced by: T_22
