
Requirements of DOWN_1                             Requirements Downstream                            Document
--------------------------------------------------------------------------------------------------------------------
TST_1_01                                          
TST_1_02                                          

Requirements of DOWN_2                             Requirements Downstream                            Document
--------------------------------------------------------------------------------------------------------------------
TST_2_01                                          
TST_2_02                                          

Requirements of UP_1                               Requirements Downstream                            Document
--------------------------------------------------------------------------------------------------------------------
REQ_A_01                                           TST_1_01                                           DOWN_1
REQ_A_02                                           TST_2_01                                           DOWN_2

Requirements of UP_2                               Requirements Downstream                            Document
--------------------------------------------------------------------------------------------------------------------
REQ_B_01                                           TST_1_02                                           DOWN_1
REQ_B_02                                           TST_2_02                                           DOWN_2
