Error(s): 2
SYS_155: Undefined requirement, referenced by: PRINTF_01 (SPEC.docx)
PRINTF_333: Undefined requirement, referenced by: T_01 (TEST.txt)
Document                          % covered / total
----------------------------------------------------------------------
SPEC                           100%       3 /     3 SPEC.docx
TEST                           nocov  nocov /     4 TEST.txt
Total                          100%       3 /     3 
