Error(s): 6
SYS_155: Undefined requirement, referenced by: PRINTF_01 (SPEC.docx)
PRINTF_01a: Undefined requirement, referenced by: T_01 (TEST.txt)
PRINTF_01b: Undefined requirement, referenced by: T_01 (TEST.txt)
PRINTF_333: Undefined requirement, referenced by: T_01 (TEST.txt)
PRINTF_03a: Undefined requirement, referenced by: T_02 (TEST.txt)
PRINTF_03b: Undefined requirement, referenced by: T_02 (TEST.txt)

Requirements of SPEC                               Requirements Downstream                           
--------------------------------------------------------------------------------------------------------------------
PRINTF_01                                          T_01                                              
PRINTF_02                                          T_02                                              
PRINTF_03                                          T_02                                              
PRINTF_03                                          T_05                                              

Requirements of TEST                               Requirements Downstream                           
--------------------------------------------------------------------------------------------------------------------
T_01                                              
T_02                                              
T_05                                              
T_21                                              
